name,min,mean,max,variance,sample_1,sample_2,sample_3,sample_4,sample_5,sample_6,sample_7,sample_8,sample_9,sample_10,sample_11,sample_12,sample_13,sample_14,sample_15,sample_16,sample_17,sample_18,sample_19,sample_20,sample_21,sample_22,sample_23,sample_24,sample_25,sample_26,sample_27,sample_28,sample_29,sample_30
Dir Absolute (Linux),7.35462,8.82015,10.5907,2255.68,7.35462,8.69453,8.54707,8.29926,8.4951,8.94797,8.98662,9.05446,8.52173,8.73498,9.76128,8.45568,8.69094,8.50688,8.62438,10.3099,8.77926,8.68838,8.74854,9.9817,8.9111,8.43315,8.57907,8.9728,8.63437,8.80179,8.44058,8.59034,8.4672,10.5907
Dir Truncate,8.20787,9.81984,11.425,2796.2,8.20787,10.2986,9.63277,9.53651,9.77408,9.47174,10.2497,9.60589,10.0163,9.7303,9.83194,9.76589,9.38086,9.67654,9.21216,9.80787,9.99066,9.50195,9.4551,10.4251,10.1806,9.85037,9.9776,9.69626,9.91488,9.86138,10.0692,11.425,9.79917,10.249
Dir Truncate Home,8.70579,9.94773,12.9656,2868.66,11.0444,10.1133,11.2909,11.8996,9.10029,9.0519,9.11232,9.18707,9.13331,9.18912,9.15021,9.27744,9.28486,9.95354,9.20448,12.9656,9.33862,10.3997,8.70579,11.5945,11.063,10.014,9.24749,10.0961,9.27155,9.35603,9.37574,11.5927,10.1798,9.23853
